{"synthetic": false,
 "schemaVersion": "2025-09-10",
 "outputs":
 {"o": ["721cd9064b5a67b9.olean"],
  "m": false,
  "i": "e4540896548fe593.ilean",
  "c": "9be3896e71dc21ca.c"},
 "log":
 [{"message":
   ".> LEAN_PATH=/home/rebuilding/Studio/cordis-dev/paper/formal/lean/.lake/build/lib/lean /home/rebuilding/.elan/toolchains/leanprover--lean4---v4.33.1/bin/lean /home/rebuilding/Studio/cordis-dev/paper/formal/lean/Bounded/Calc.lean -o /home/rebuilding/Studio/cordis-dev/paper/formal/lean/.lake/build/lib/lean/Bounded/Calc.olean -i /home/rebuilding/Studio/cordis-dev/paper/formal/lean/.lake/build/lib/lean/Bounded/Calc.ilean -c /home/rebuilding/Studio/cordis-dev/paper/formal/lean/.lake/build/ir/Bounded/Calc.c --setup /home/rebuilding/Studio/cordis-dev/paper/formal/lean/.lake/build/ir/Bounded/Calc.setup.json --json",
   "level": "trace"}],
 "inputs":
 [["deps",
   [["bounded/Bounded:extraDep", [["@bounded:extraDep", "00000000000006bb"]]],
    ["imports",
     [["Bounded.Perm transitive imports (legacy)", "92ae3bdde641afb8"],
      ["Bounded.Perm:importAllArts", "c88f4ddb4ae6c668"]]]]],
  ["libs",
   [["import dynlibs",
     [["/home/rebuilding/Studio/cordis-dev/paper/formal/lean/.lake/build/lib/lean/bounded_Bounded_Basic.so",
       "835b0061d157630b"],
      ["/home/rebuilding/Studio/cordis-dev/paper/formal/lean/.lake/build/lib/lean/bounded_Bounded_Perm.so",
       "5a9ea35a106785fe"]]],
    ["package external libraries", "00000000000006bb"],
    ["module dynlibs", "00000000000006bb"],
    ["module plugins", "00000000000006bb"]]],
  ["Lean 4.33.1, commit 819816b2e0a3bf405af45ae5c7af2491d8f5bee6",
   "0051240b7c23c453"],
  ["/home/rebuilding/Studio/cordis-dev/paper/formal/lean/Bounded/Calc.lean",
   "3fac65d7eacc1857"],
  ["options", "00000000000006bb"],
  ["isModule: false", "feefd2a0d3a1847e"],
  ["Module.name: Bounded.Calc", "87264e5f0cef9014"],
  ["Package.id?: (some bounded)", "bcca062df1950e17"],
  ["Module.leanArgs: #[]", "00000000000006bb"]],
 "depHash": "e430d1c632778649"}