{"synthetic": false,
 "schemaVersion": "2025-09-10",
 "outputs":
 {"o": ["01d41c53c4675afe.olean"],
  "m": false,
  "i": "e007a8fa90ab598a.ilean",
  "c": "8d06e39a74761f62.c"},
 "log":
 [{"message":
   ".> LEAN_PATH=/home/rebuilding/Studio/cordis-dev/paper/formal/lean/.lake/build/lib/lean /home/rebuilding/.elan/toolchains/leanprover--lean4---v4.33.1/bin/lean /home/rebuilding/Studio/cordis-dev/paper/formal/lean/Bounded/Cutoff.lean -o /home/rebuilding/Studio/cordis-dev/paper/formal/lean/.lake/build/lib/lean/Bounded/Cutoff.olean -i /home/rebuilding/Studio/cordis-dev/paper/formal/lean/.lake/build/lib/lean/Bounded/Cutoff.ilean -c /home/rebuilding/Studio/cordis-dev/paper/formal/lean/.lake/build/ir/Bounded/Cutoff.c --setup /home/rebuilding/Studio/cordis-dev/paper/formal/lean/.lake/build/ir/Bounded/Cutoff.setup.json --json",
   "level": "trace"}],
 "inputs":
 [["deps",
   [["bounded/Bounded:extraDep", [["@bounded:extraDep", "00000000000006bb"]]],
    ["imports",
     [["Bounded.Charact transitive imports (legacy)", "6d1242b095778665"],
      ["Bounded.Charact:importAllArts", "463dbd4fc8b7f436"]]]]],
  ["libs",
   [["import dynlibs",
     [["/home/rebuilding/Studio/cordis-dev/paper/formal/lean/.lake/build/lib/lean/bounded_Bounded_Basic.so",
       "835b0061d157630b"],
      ["/home/rebuilding/Studio/cordis-dev/paper/formal/lean/.lake/build/lib/lean/bounded_Bounded_Perm.so",
       "5a9ea35a106785fe"],
      ["/home/rebuilding/Studio/cordis-dev/paper/formal/lean/.lake/build/lib/lean/bounded_Bounded_Calc.so",
       "d5de4aedd24c2d53"],
      ["/home/rebuilding/Studio/cordis-dev/paper/formal/lean/.lake/build/lib/lean/bounded_Bounded_SigDec.so",
       "46b162fe1da4ca2b"],
      ["/home/rebuilding/Studio/cordis-dev/paper/formal/lean/.lake/build/lib/lean/bounded_Bounded_Enum.so",
       "d3bc02efadb02ebe"],
      ["/home/rebuilding/Studio/cordis-dev/paper/formal/lean/.lake/build/lib/lean/bounded_Bounded_Explore.so",
       "582a9d06c48c1d13"],
      ["/home/rebuilding/Studio/cordis-dev/paper/formal/lean/.lake/build/lib/lean/bounded_Bounded_Charact.so",
       "7230bbc423a4ddd6"]]],
    ["package external libraries", "00000000000006bb"],
    ["module dynlibs", "00000000000006bb"],
    ["module plugins", "00000000000006bb"]]],
  ["Lean 4.33.1, commit 819816b2e0a3bf405af45ae5c7af2491d8f5bee6",
   "0051240b7c23c453"],
  ["/home/rebuilding/Studio/cordis-dev/paper/formal/lean/Bounded/Cutoff.lean",
   "0b14b9373aa32076"],
  ["options", "00000000000006bb"],
  ["isModule: false", "feefd2a0d3a1847e"],
  ["Module.name: Bounded.Cutoff", "73b99f275fa02ef7"],
  ["Package.id?: (some bounded)", "bcca062df1950e17"],
  ["Module.leanArgs: #[]", "00000000000006bb"]],
 "depHash": "434d60d9ca928ccb"}