{"synthetic": false,
 "schemaVersion": "2025-09-10",
 "outputs":
 {"o": ["a653e89af048342e.olean"],
  "m": false,
  "i": "7f0e5e043b126652.ilean",
  "c": "f26a4e9cae1c6b00.c"},
 "log":
 [{"message":
   ".> LEAN_PATH=/home/rebuilding/Studio/cordis-dev/paper/formal/lean/.lake/build/lib/lean /home/rebuilding/.elan/toolchains/leanprover--lean4---v4.33.1/bin/lean /home/rebuilding/Studio/cordis-dev/paper/formal/lean/Bounded/Enum.lean -o /home/rebuilding/Studio/cordis-dev/paper/formal/lean/.lake/build/lib/lean/Bounded/Enum.olean -i /home/rebuilding/Studio/cordis-dev/paper/formal/lean/.lake/build/lib/lean/Bounded/Enum.ilean -c /home/rebuilding/Studio/cordis-dev/paper/formal/lean/.lake/build/ir/Bounded/Enum.c --setup /home/rebuilding/Studio/cordis-dev/paper/formal/lean/.lake/build/ir/Bounded/Enum.setup.json --json",
   "level": "trace"}],
 "inputs":
 [["deps",
   [["bounded/Bounded:extraDep", [["@bounded:extraDep", "00000000000006bb"]]],
    ["imports",
     [["Bounded.SigDec transitive imports (legacy)", "f99854375c898e3b"],
      ["Bounded.SigDec:importAllArts", "c9c5776ca5990172"]]]]],
  ["libs",
   [["import dynlibs",
     [["/home/rebuilding/Studio/cordis-dev/paper/formal/lean/.lake/build/lib/lean/bounded_Bounded_Basic.so",
       "835b0061d157630b"],
      ["/home/rebuilding/Studio/cordis-dev/paper/formal/lean/.lake/build/lib/lean/bounded_Bounded_Perm.so",
       "5a9ea35a106785fe"],
      ["/home/rebuilding/Studio/cordis-dev/paper/formal/lean/.lake/build/lib/lean/bounded_Bounded_Calc.so",
       "d5de4aedd24c2d53"],
      ["/home/rebuilding/Studio/cordis-dev/paper/formal/lean/.lake/build/lib/lean/bounded_Bounded_SigDec.so",
       "46b162fe1da4ca2b"]]],
    ["package external libraries", "00000000000006bb"],
    ["module dynlibs", "00000000000006bb"],
    ["module plugins", "00000000000006bb"]]],
  ["Lean 4.33.1, commit 819816b2e0a3bf405af45ae5c7af2491d8f5bee6",
   "0051240b7c23c453"],
  ["/home/rebuilding/Studio/cordis-dev/paper/formal/lean/Bounded/Enum.lean",
   "2e96d2676a67f8eb"],
  ["options", "00000000000006bb"],
  ["isModule: false", "feefd2a0d3a1847e"],
  ["Module.name: Bounded.Enum", "cc450e942c0ea028"],
  ["Package.id?: (some bounded)", "bcca062df1950e17"],
  ["Module.leanArgs: #[]", "00000000000006bb"]],
 "depHash": "3b5cbdd09cdc20b5"}