{"synthetic": false,
 "schemaVersion": "2025-09-10",
 "outputs":
 {"o": ["40e04a22665424d3.olean"],
  "m": false,
  "i": "c3618d0b11041052.ilean",
  "c": "8971b73f60633bd0.c"},
 "log":
 [{"message":
   ".> LEAN_PATH=/home/rebuilding/Studio/cordis-dev/paper/formal/lean/.lake/build/lib/lean /home/rebuilding/.elan/toolchains/leanprover--lean4---v4.33.1/bin/lean /home/rebuilding/Studio/cordis-dev/paper/formal/lean/Bounded/Explore.lean -o /home/rebuilding/Studio/cordis-dev/paper/formal/lean/.lake/build/lib/lean/Bounded/Explore.olean -i /home/rebuilding/Studio/cordis-dev/paper/formal/lean/.lake/build/lib/lean/Bounded/Explore.ilean -c /home/rebuilding/Studio/cordis-dev/paper/formal/lean/.lake/build/ir/Bounded/Explore.c --setup /home/rebuilding/Studio/cordis-dev/paper/formal/lean/.lake/build/ir/Bounded/Explore.setup.json --json",
   "level": "trace"}],
 "inputs":
 [["deps",
   [["bounded/Bounded:extraDep", [["@bounded:extraDep", "00000000000006bb"]]],
    ["imports",
     [["Bounded.Enum transitive imports (legacy)", "37a5c16875383a56"],
      ["Bounded.Enum:importAllArts", "14e89470965c1916"]]]]],
  ["libs",
   [["import dynlibs",
     [["/home/rebuilding/Studio/cordis-dev/paper/formal/lean/.lake/build/lib/lean/bounded_Bounded_Basic.so",
       "835b0061d157630b"],
      ["/home/rebuilding/Studio/cordis-dev/paper/formal/lean/.lake/build/lib/lean/bounded_Bounded_Perm.so",
       "5a9ea35a106785fe"],
      ["/home/rebuilding/Studio/cordis-dev/paper/formal/lean/.lake/build/lib/lean/bounded_Bounded_Calc.so",
       "d5de4aedd24c2d53"],
      ["/home/rebuilding/Studio/cordis-dev/paper/formal/lean/.lake/build/lib/lean/bounded_Bounded_SigDec.so",
       "46b162fe1da4ca2b"],
      ["/home/rebuilding/Studio/cordis-dev/paper/formal/lean/.lake/build/lib/lean/bounded_Bounded_Enum.so",
       "d3bc02efadb02ebe"]]],
    ["package external libraries", "00000000000006bb"],
    ["module dynlibs", "00000000000006bb"],
    ["module plugins", "00000000000006bb"]]],
  ["Lean 4.33.1, commit 819816b2e0a3bf405af45ae5c7af2491d8f5bee6",
   "0051240b7c23c453"],
  ["/home/rebuilding/Studio/cordis-dev/paper/formal/lean/Bounded/Explore.lean",
   "9df9dc61bc1a5057"],
  ["options", "00000000000006bb"],
  ["isModule: false", "feefd2a0d3a1847e"],
  ["Module.name: Bounded.Explore", "4e0ade0bb324166c"],
  ["Package.id?: (some bounded)", "bcca062df1950e17"],
  ["Module.leanArgs: #[]", "00000000000006bb"]],
 "depHash": "09a0c23075cae734"}