{"synthetic": false,
 "schemaVersion": "2025-09-10",
 "outputs":
 {"o": ["5b068ab2638e8b9c.olean"],
  "m": false,
  "i": "8580719e4d228212.ilean",
  "c": "6a22c62fb7638d37.c"},
 "log":
 [{"message":
   ".> LEAN_PATH=/home/rebuilding/Studio/cordis-dev/paper/formal/lean/.lake/build/lib/lean /home/rebuilding/.elan/toolchains/leanprover--lean4---v4.33.1/bin/lean /home/rebuilding/Studio/cordis-dev/paper/formal/lean/Bounded/SigDec.lean -o /home/rebuilding/Studio/cordis-dev/paper/formal/lean/.lake/build/lib/lean/Bounded/SigDec.olean -i /home/rebuilding/Studio/cordis-dev/paper/formal/lean/.lake/build/lib/lean/Bounded/SigDec.ilean -c /home/rebuilding/Studio/cordis-dev/paper/formal/lean/.lake/build/ir/Bounded/SigDec.c --setup /home/rebuilding/Studio/cordis-dev/paper/formal/lean/.lake/build/ir/Bounded/SigDec.setup.json --json",
   "level": "trace"},
  {"message":
   "Bounded/SigDec.lean:553:25: Variable name `ω` is not explicitly referenced.\n\nHint: The binding can be removed (if unused) or named `_` (if used implicitly). Alternatively, prefix the name with `_` to silence this warning:\n  [apply] _ω\n\nNote: This linter can be disabled with `set_option linter.unusedVariables false`",
   "level": "warning"}],
 "inputs":
 [["deps",
   [["bounded/Bounded:extraDep", [["@bounded:extraDep", "00000000000006bb"]]],
    ["imports",
     [["Bounded.Calc transitive imports (legacy)", "996bc392674c5343"],
      ["Bounded.Calc:importAllArts", "e5a660c22b2e399f"]]]]],
  ["libs",
   [["import dynlibs", "00000000000006bb"],
    ["package external libraries", "00000000000006bb"],
    ["module dynlibs", "00000000000006bb"],
    ["module plugins", "00000000000006bb"]]],
  ["Lean 4.33.1, commit 819816b2e0a3bf405af45ae5c7af2491d8f5bee6",
   "0051240b7c23c453"],
  ["/home/rebuilding/Studio/cordis-dev/paper/formal/lean/Bounded/SigDec.lean",
   "a7a1eaac582e7e31"],
  ["options", "00000000000006bb"],
  ["isModule: false", "feefd2a0d3a1847e"],
  ["Module.name: Bounded.SigDec", "357f29357beca29f"],
  ["Package.id?: (some bounded)", "bcca062df1950e17"],
  ["Module.leanArgs: #[]", "00000000000006bb"]],
 "depHash": "f936cf15dc5d9584"}