{"synthetic": false,
 "schemaVersion": "2025-09-10",
 "outputs": "97a064181bd02258",
 "log":
 [{"message":
   ".> /home/rebuilding/.elan/toolchains/leanprover--lean4---v4.33.1/bin/clang -o /home/rebuilding/Studio/cordis-dev/paper/formal/lean/.lake/build/bin/probe @/home/rebuilding/Studio/cordis-dev/paper/formal/lean/.lake/build/bin/probe.rsp",
   "level": "trace"}],
 "inputs":
 [["Main:linkInfo",
   [["Module.moreLinkObjs",
     [["/home/rebuilding/Studio/cordis-dev/paper/formal/lean/.lake/build/ir/Main.c.o.export",
       "868d50cc75bacb4c"],
      ["/home/rebuilding/Studio/cordis-dev/paper/formal/lean/.lake/build/ir/Bounded/Basic.c.o.export",
       "e0ad2b95260390fa"],
      ["/home/rebuilding/Studio/cordis-dev/paper/formal/lean/.lake/build/ir/Bounded/Perm.c.o.export",
       "b2d44d8a85193c8d"],
      ["/home/rebuilding/Studio/cordis-dev/paper/formal/lean/.lake/build/ir/Bounded/Calc.c.o.export",
       "440da6c307ccf116"],
      ["/home/rebuilding/Studio/cordis-dev/paper/formal/lean/.lake/build/ir/Bounded/SigDec.c.o.export",
       "eb0a73e1b2263398"]]],
    ["Module.moreLinkLibs", "00000000000006bb"],
    ["Module.moreLinkArgs: #[]", "00000000000006bb"]]],
  ["LeanExe.exeOnlyLinkArgs: #[]", "00000000000006bb"],
  ["Lean 4.33.1, commit 819816b2e0a3bf405af45ae5c7af2491d8f5bee6",
   "0051240b7c23c453"],
  ["x86_64-unknown-linux-gnu", "53a0e8937c307c28"]],
 "depHash": "61270ec5aeff7dcf"}