{"synthetic": false,
 "schemaVersion": "2025-09-10",
 "outputs":
 {"o": ["0ead1ee86069de63.olean"],
  "m": false,
  "i": "142b378c45ba1672.ilean",
  "c": "c05f966a55e621a7.c"},
 "log":
 [{"message":
   ".> LEAN_PATH=/home/rebuilding/Studio/cordis-dev/paper/formal/lean/.lake/build/lib/lean /home/rebuilding/.elan/toolchains/leanprover--lean4---v4.33.1/bin/lean /home/rebuilding/Studio/cordis-dev/paper/formal/lean/Bounded.lean -o /home/rebuilding/Studio/cordis-dev/paper/formal/lean/.lake/build/lib/lean/Bounded.olean -i /home/rebuilding/Studio/cordis-dev/paper/formal/lean/.lake/build/lib/lean/Bounded.ilean -c /home/rebuilding/Studio/cordis-dev/paper/formal/lean/.lake/build/ir/Bounded.c --setup /home/rebuilding/Studio/cordis-dev/paper/formal/lean/.lake/build/ir/Bounded.setup.json --json",
   "level": "trace"}],
 "inputs":
 [["deps",
   [["bounded/Bounded:extraDep", [["@bounded:extraDep", "00000000000006bb"]]],
    ["imports",
     [["Bounded.Basic transitive imports (legacy)", "00000000000006bb"],
      ["Bounded.Basic:importAllArts", "d72185848ea892bc"],
      ["Bounded.Perm transitive imports (legacy)", "92ae3bdde641afb8"],
      ["Bounded.Perm:importAllArts", "c88f4ddb4ae6c668"],
      ["Bounded.Calc transitive imports (legacy)", "e492dbbbdc886f34"],
      ["Bounded.Calc:importAllArts", "4eec2b9508fbae72"],
      ["Bounded.SigDec transitive imports (legacy)", "f99854375c898e3b"],
      ["Bounded.SigDec:importAllArts", "c9c5776ca5990172"],
      ["Bounded.Enum transitive imports (legacy)", "37a5c16875383a56"],
      ["Bounded.Enum:importAllArts", "14e89470965c1916"],
      ["Bounded.Explore transitive imports (legacy)", "dc53273e42242884"],
      ["Bounded.Explore:importAllArts", "453270a61e05e6f8"],
      ["Bounded.Equiv transitive imports (legacy)", "6d1242b095778665"],
      ["Bounded.Equiv:importAllArts", "709342d1a9d884a7"],
      ["Bounded.Charact transitive imports (legacy)", "6d1242b095778665"],
      ["Bounded.Charact:importAllArts", "463dbd4fc8b7f436"],
      ["Bounded.Cutoff transitive imports (legacy)", "cc866c6ef69ffac5"],
      ["Bounded.Cutoff:importAllArts", "78c23cfd2e7280ff"]]]]],
  ["libs",
   [["import dynlibs",
     [["/home/rebuilding/Studio/cordis-dev/paper/formal/lean/.lake/build/lib/lean/bounded_Bounded_Basic.so",
       "835b0061d157630b"],
      ["/home/rebuilding/Studio/cordis-dev/paper/formal/lean/.lake/build/lib/lean/bounded_Bounded_Perm.so",
       "5a9ea35a106785fe"],
      ["/home/rebuilding/Studio/cordis-dev/paper/formal/lean/.lake/build/lib/lean/bounded_Bounded_Calc.so",
       "d5de4aedd24c2d53"],
      ["/home/rebuilding/Studio/cordis-dev/paper/formal/lean/.lake/build/lib/lean/bounded_Bounded_SigDec.so",
       "46b162fe1da4ca2b"],
      ["/home/rebuilding/Studio/cordis-dev/paper/formal/lean/.lake/build/lib/lean/bounded_Bounded_Enum.so",
       "d3bc02efadb02ebe"],
      ["/home/rebuilding/Studio/cordis-dev/paper/formal/lean/.lake/build/lib/lean/bounded_Bounded_Explore.so",
       "582a9d06c48c1d13"],
      ["/home/rebuilding/Studio/cordis-dev/paper/formal/lean/.lake/build/lib/lean/bounded_Bounded_Equiv.so",
       "ec6a89b5c2d512e2"],
      ["/home/rebuilding/Studio/cordis-dev/paper/formal/lean/.lake/build/lib/lean/bounded_Bounded_Charact.so",
       "7230bbc423a4ddd6"],
      ["/home/rebuilding/Studio/cordis-dev/paper/formal/lean/.lake/build/lib/lean/bounded_Bounded_Cutoff.so",
       "33e0d7e7a1c11299"]]],
    ["package external libraries", "00000000000006bb"],
    ["module dynlibs", "00000000000006bb"],
    ["module plugins", "00000000000006bb"]]],
  ["Lean 4.33.1, commit 819816b2e0a3bf405af45ae5c7af2491d8f5bee6",
   "0051240b7c23c453"],
  ["/home/rebuilding/Studio/cordis-dev/paper/formal/lean/Bounded.lean",
   "25a70d24acf3c0a3"],
  ["options", "00000000000006bb"],
  ["isModule: false", "feefd2a0d3a1847e"],
  ["Module.name: Bounded", "3b58d955e221c1a5"],
  ["Package.id?: (some bounded)", "bcca062df1950e17"],
  ["Module.leanArgs: #[]", "00000000000006bb"]],
 "depHash": "8bf556cbfea33757"}