{"synthetic": false,
 "schemaVersion": "2025-09-10",
 "outputs":
 {"o": ["dd1dd55dd5136a2c.olean"],
  "m": false,
  "i": "60786852a5355dd5.ilean",
  "c": "bb4b73f0d5ba2ff8.c"},
 "log":
 [{"message":
   ".> LEAN_PATH=/home/rebuilding/Studio/cordis-dev/paper/formal/lean/.lake/build/lib/lean /home/rebuilding/.elan/toolchains/leanprover--lean4---v4.33.1/bin/lean /home/rebuilding/Studio/cordis-dev/paper/formal/lean/probe/Main.lean -o /home/rebuilding/Studio/cordis-dev/paper/formal/lean/.lake/build/lib/lean/Main.olean -i /home/rebuilding/Studio/cordis-dev/paper/formal/lean/.lake/build/lib/lean/Main.ilean -c /home/rebuilding/Studio/cordis-dev/paper/formal/lean/.lake/build/ir/Main.c --setup /home/rebuilding/Studio/cordis-dev/paper/formal/lean/.lake/build/ir/Main.setup.json --json",
   "level": "trace"}],
 "inputs":
 [["deps",
   [["bounded/probe:extraDep", [["@bounded:extraDep", "00000000000006bb"]]],
    ["imports",
     [["Bounded.Enum transitive imports (legacy)", "1136dea3ad36fc06"],
      ["Bounded.Enum:importAllArts", "4c06685ca80cd9d1"]]]]],
  ["libs",
   [["import dynlibs", "00000000000006bb"],
    ["package external libraries", "00000000000006bb"],
    ["module dynlibs", "00000000000006bb"],
    ["module plugins", "00000000000006bb"]]],
  ["Lean 4.33.1, commit 819816b2e0a3bf405af45ae5c7af2491d8f5bee6",
   "0051240b7c23c453"],
  ["/home/rebuilding/Studio/cordis-dev/paper/formal/lean/probe/Main.lean",
   "93d36fccaea07512"],
  ["options", "00000000000006bb"],
  ["isModule: false", "feefd2a0d3a1847e"],
  ["Module.name: Main", "f2a1fd945cf30c62"],
  ["Package.id?: (some bounded)", "bcca062df1950e17"],
  ["Module.leanArgs: #[]", "00000000000006bb"]],
 "depHash": "c4c915e8ae0f89ae"}