{"synthetic": false,
 "schemaVersion": "2025-09-10",
 "outputs": "3dee1d01f1f651ea.so",
 "log":
 [{"message":
   ".> /home/rebuilding/.elan/toolchains/leanprover--lean4---v4.33.1/bin/clang -shared -o /home/rebuilding/Studio/cordis-dev/paper/formal/lean/.lake/build/lib/libbounded_Bounded.so @/home/rebuilding/Studio/cordis-dev/paper/formal/lean/.lake/build/lib/libbounded_Bounded.so.rsp",
   "level": "trace"}],
 "inputs":
 [["linkObjs",
   [["/home/rebuilding/Studio/cordis-dev/paper/formal/lean/.lake/build/ir/Bounded/Basic.c.o.export",
     "e0ad2b95260390fa"],
    ["/home/rebuilding/Studio/cordis-dev/paper/formal/lean/.lake/build/ir/Bounded/Perm.c.o.export",
     "b2d44d8a85193c8d"],
    ["/home/rebuilding/Studio/cordis-dev/paper/formal/lean/.lake/build/ir/Bounded/Calc.c.o.export",
     "440da6c307ccf116"],
    ["/home/rebuilding/Studio/cordis-dev/paper/formal/lean/.lake/build/ir/Bounded/SigDec.c.o.export",
     "eb0a73e1b2263398"],
    ["/home/rebuilding/Studio/cordis-dev/paper/formal/lean/.lake/build/ir/Bounded/Enum.c.o.export",
     "a4e921b495f5216f"],
    ["/home/rebuilding/Studio/cordis-dev/paper/formal/lean/.lake/build/ir/Bounded/Explore.c.o.export",
     "5f1f8331b6a06cf1"],
    ["/home/rebuilding/Studio/cordis-dev/paper/formal/lean/.lake/build/ir/Bounded/Equiv.c.o.export",
     "5f463aa22e7d33ba"],
    ["/home/rebuilding/Studio/cordis-dev/paper/formal/lean/.lake/build/ir/Bounded/Charact.c.o.export",
     "5eb26a425c791911"],
    ["/home/rebuilding/Studio/cordis-dev/paper/formal/lean/.lake/build/ir/Bounded/Cutoff.c.o.export",
     "fca21048f376af11"],
    ["/home/rebuilding/Studio/cordis-dev/paper/formal/lean/.lake/build/ir/Bounded.c.o.export",
     "7e0cdbe95ee8fc0f"]]],
  ["linkLibs", "00000000000006bb"],
  ["traceArgs: #[]", "00000000000006bb"],
  ["Lean 4.33.1, commit 819816b2e0a3bf405af45ae5c7af2491d8f5bee6",
   "0051240b7c23c453"],
  ["x86_64-unknown-linux-gnu", "53a0e8937c307c28"]],
 "depHash": "32bd86ca97ae58bb"}